// Jest Snapshot v1, https://goo.gl/fbAQLP

exports[`<EventReportTable> should render component 1`] = `
<div
  className="tableDesign"
>
  <table
    className="event-report-tableArrangement"
  >
    <thead>
      <tr>
        <th>
          No
        </th>
        <th
          className="expand"
        >
          Name
        </th>
        <th>
          Start Date
        </th>
        <th>
          End Date
        </th>
        <th>
          Venue
        </th>
        <th>
          Start Time
        </th>
        <th>
          End Time
        </th>
        <th>
          View
        </th>
      </tr>
    </thead>
    <tbody />
  </table>
</div>
`;
