// Jest Snapshot v1, https://goo.gl/fbAQLP

exports[`<ModulePage> should render component 1`] = `
<div>
  <div
    className="module-Dash"
  >
    <div
      className="module-SearchEvent"
    >
      <p
        className="module-mainHead"
      >
        Modules
      </p>
      <input
        onChange={[Function]}
        placeholder="Search..."
        style={
          Object {
            "border": "0.5px solid black",
            "borderRadius": "5px",
            "padding": "3px 40px",
            "textAlign": "center",
            "width": "150px",
          }
        }
        type="text"
      />
    </div>
    <div
      className="module-EventList"
    >
      <div
        className="module-List-Buttons"
      />
    </div>
  </div>
</div>
`;
