// Jest Snapshot v1, https://goo.gl/fbAQLP

exports[`<ModuleUpdate> should render component 1`] = `
<div
  className="module-update-container"
>
  Module Update
</div>
`;
