// Jest Snapshot v1, https://goo.gl/fbAQLP

exports[`<StaffDashboard> should render component 1`] = `
<div
  className="staff-Dash"
>
  <div
    className="staff-SearchEvent"
  >
    <p
      className="staff-mainHead"
    >
      Staff Details
    </p>
    <input
      onChange={[Function]}
      placeholder="Search..."
      style={
        Object {
          "border": "0.5px solid black",
          "borderRadius": "5px",
          "padding": "3px 40px",
          "textAlign": "center",
          "width": "150px",
        }
      }
      type="text"
    />
  </div>
  <div
    className="staff-EventList"
  >
    <div
      className="staff-List-Buttons"
    />
  </div>
</div>
`;
