// Jest Snapshot v1, https://goo.gl/fbAQLP

exports[`<Setting> should render component 1`] = `
<div
  className="setting-main-container2"
>
  <h2>
    Profile
  </h2>
  <div
    className="setting-field"
  >
    <img
      alt="Logo"
      className="Create-logo"
      src="Signin.jpeg"
    />
    <div
      className="eventCreation-input-field"
    >
      <div
        className="Setting-input-with-icon"
      >
        <label>
          First Name
        </label>
        <input
          className="form-control mb-2"
          id="eventName"
          name="eventName"
          onChange=""
          placeholder="Admin Name"
          type="text"
          value=""
        />
      </div>
      <div
        className="Setting-input-with-icon"
      >
        <label>
          Last Name
        </label>
        <input
          className="form-control mb-2"
          id="eventName"
          name="eventName"
          onChange=""
          placeholder="Admin Name"
          type="text"
          value=""
        />
      </div>
      <div
        className="Setting-input-with-icon"
      >
        <label>
          Username
        </label>
        <input
          className="form-control mb-2"
          id="eventName"
          name="eventName"
          onChange=""
          placeholder="Username"
          type="text"
          value=""
        />
      </div>
      <div
        className="Setting-input-with-icon"
      >
        <label>
          Password
        </label>
        <input
          className="form-control mb-2"
          id="eventName"
          name="eventName"
          onChange=""
          placeholder="Password"
          type="text"
          value=""
        />
      </div>
      <button
        className="btn btn-primary w-100"
        onClick={[Function]}
      >
        Update
      </button>
    </div>
  </div>
</div>
`;
